// Jest Snapshot v1, https://goo.gl/fbAQLP

exports[`App renders App 1`] = `
<DocumentFragment>
  <div
    class="App"
  >
    <div
      class="navbar"
    >
      <img
        alt="surreallogo"
        class="navbarlogo"
        src="logo.png"
      />
      <ul
        class="navbar-links"
      >
        <a
          class="navbar-links-item"
          href="/"
        >
          View Properties
        </a>
        <a
          class="navbar-links-item"
          href="/add-property"
        >
          Add a Property
        </a>
      </ul>
    </div>
    <div
      class="properties"
    >
      <h2>
        Properties
      </h2>
    </div>
  </div>
</DocumentFragment>
`;
